// Vitest Snapshot v1, https://vitest.dev/guide/snapshot.html

exports[`AsyncOpResult > Displays loading when loading 1`] = `
<div>
  Loading...
</div>
`;
